{"account":{"active-card":false,"available-limit":750},"violations":[]}
{"account":{"active-card":false,"available-limit":750},"violations":[]}
{"account":{"active-card":false,"available-limit":750},"violations":[]}