{"account":{"active-card":true,"available-limit":100},"violations":[]}
{"account":{"active-card":true,"available-limit":70},"violations":[]}
{"account":{"active-card":true,"available-limit":70},"violations":["doubled-transaction"]}