{"account":{"active-card":true,"available-limit":100},"violations":[]}
{"account":{"active-card":true,"available-limit":100},"violations":["account-already-initialized"]}
{"account":{"active-card":true,"available-limit":80},"violations":[]}