{"account":{"active-card":true,"available-limit":100},"violations":[]}
{"account":{"active-card":true,"available-limit":95},"violations":[]}
{"account":{"active-card":true,"available-limit":80},"violations":[]}
{"account":{"active-card":true,"available-limit":55},"violations":[]}
{"account":{"active-card":true,"available-limit":55},"violations":["high-frequency-small-interval"]}